{"level":"INFO","message":"[3:52:15.992 PM]: Creating new connection object"}
{"level":"INFO","message":"[3:52:16.002 PM]: Creating Connection[id: cf196edc-ad50-4a21-8f6b-52e8f6b9462e] with host: abc.us-east-1.snowflakecomputing.com, account: abc, accessUrl: https://abc.us-east-1.snowflakecomputing.com, user: u, role: analyst, database: MY_DB, schema: PUBLIC, warehouse: compute_wh, proxy was not configured, password is provided, region: us-east-1, authenticator: SNOWFLAKE, ocsp mode: FAIL_OPEN, os: darwin, os version: 25.4.0"}
{"level":"INFO","message":"[3:52:16.003 PM]: Connection[id: cf196edc-ad50-4a21-8f6b-52e8f6b9462e] additional details: passcode in password is provided, passcode is not provided, private key is not provided, application: undefined, client name: snowflake-sdk, client version: 2.4.0, retry timeout: 300, private key path: undefined, private key pass is not provided, client store temporary credential: false, browser response timeout: 120000"}
{"level":"INFO","message":"[3:52:16.003 PM]: Connection[id: cf196edc-ad50-4a21-8f6b-52e8f6b9462e] - connection object created successfully."}
{"level":"INFO","message":"[3:52:16.003 PM]: Connection[id: cf196edc-ad50-4a21-8f6b-52e8f6b9462e] - async connecting. Associated Snowflake domain: GLOBAL"}
{"level":"INFO","message":"[3:52:16.004 PM]: Trying to initialize Easy Logging"}
{"level":"INFO","message":"[3:52:16.005 PM]: No client config detected."}
{"level":"INFO","message":"[3:52:16.006 PM]: No config file path found. Client config will not be used."}
{"level":"INFO","message":"[3:52:16.006 PM]: Easy Logging is disabled as no config has been found"}
{"level":"INFO","message":"[3:52:16.006 PM]: Connection[id: cf196edc-ad50-4a21-8f6b-52e8f6b9462e] - authentication successful using: SNOWFLAKE"}
{"level":"ERROR","message":"[3:52:16.837 PM]: Connection[id: cf196edc-ad50-4a21-8f6b-52e8f6b9462e] - connection failed after 833.27 milliseconds. Error: Request to Snowflake failed."}
{"level":"INFO","message":"[3:52:16.840 PM]: Creating new connection object"}
{"level":"INFO","message":"[3:52:16.840 PM]: Creating Connection[id: 5f635e94-f0d4-4443-b99c-d9a8229f376a] with host: abc.us-east-1.snowflakecomputing.com, account: abc, accessUrl: https://abc.us-east-1.snowflakecomputing.com, user: u, role: analyst, database: MY_DB, schema: PUBLIC, warehouse: compute_wh, proxy was not configured, password is provided, region: us-east-1, authenticator: SNOWFLAKE, ocsp mode: FAIL_OPEN, os: darwin, os version: 25.4.0"}
{"level":"INFO","message":"[3:52:16.840 PM]: Connection[id: 5f635e94-f0d4-4443-b99c-d9a8229f376a] additional details: passcode in password is provided, passcode is not provided, private key is not provided, application: undefined, client name: snowflake-sdk, client version: 2.4.0, retry timeout: 300, private key path: undefined, private key pass is not provided, client store temporary credential: false, browser response timeout: 120000"}
{"level":"INFO","message":"[3:52:16.840 PM]: Connection[id: 5f635e94-f0d4-4443-b99c-d9a8229f376a] - connection object created successfully."}
{"level":"INFO","message":"[3:52:16.840 PM]: Connection[id: 5f635e94-f0d4-4443-b99c-d9a8229f376a] - async connecting. Associated Snowflake domain: GLOBAL"}
{"level":"INFO","message":"[3:52:16.840 PM]: Connection[id: 5f635e94-f0d4-4443-b99c-d9a8229f376a] - authentication successful using: SNOWFLAKE"}
{"level":"ERROR","message":"[3:52:17.223 PM]: Connection[id: 5f635e94-f0d4-4443-b99c-d9a8229f376a] - connection failed after 382.23 milliseconds. Error: Request to Snowflake failed."}
{"level":"INFO","message":"[3:52:17.225 PM]: Creating new connection object"}
{"level":"INFO","message":"[3:52:17.226 PM]: Creating Connection[id: 4fe8add1-d925-4025-b768-0add88123c0c] with host: abc.us-east-1.snowflakecomputing.com, account: abc, accessUrl: https://abc.us-east-1.snowflakecomputing.com, user: u, role: analyst, database: MY_DB, schema: PUBLIC, warehouse: compute_wh, proxy was not configured, password is provided, region: us-east-1, authenticator: SNOWFLAKE, ocsp mode: FAIL_OPEN, os: darwin, os version: 25.4.0"}
{"level":"INFO","message":"[3:52:17.226 PM]: Connection[id: 4fe8add1-d925-4025-b768-0add88123c0c] additional details: passcode in password is provided, passcode is not provided, private key is not provided, application: undefined, client name: snowflake-sdk, client version: 2.4.0, retry timeout: 300, private key path: undefined, private key pass is not provided, client store temporary credential: false, browser response timeout: 120000"}
{"level":"INFO","message":"[3:52:17.226 PM]: Connection[id: 4fe8add1-d925-4025-b768-0add88123c0c] - connection object created successfully."}
{"level":"INFO","message":"[3:52:17.226 PM]: Connection[id: 4fe8add1-d925-4025-b768-0add88123c0c] - async connecting. Associated Snowflake domain: GLOBAL"}
{"level":"INFO","message":"[3:52:17.226 PM]: Connection[id: 4fe8add1-d925-4025-b768-0add88123c0c] - authentication successful using: SNOWFLAKE"}
{"level":"ERROR","message":"[3:52:17.643 PM]: Connection[id: 4fe8add1-d925-4025-b768-0add88123c0c] - connection failed after 416.98 milliseconds. Error: Request to Snowflake failed."}
{"level":"INFO","message":"[3:52:17.645 PM]: Creating new connection object"}
{"level":"INFO","message":"[3:52:17.646 PM]: Creating Connection[id: 5c8ffed7-be2d-4e96-8fb2-de8660aed29e] with host: abc.us-east-1.snowflakecomputing.com, account: abc, accessUrl: https://abc.us-east-1.snowflakecomputing.com, user: u, role: analyst, database: MY_DB, schema: PUBLIC, warehouse: compute_wh, proxy was not configured, password is provided, region: us-east-1, authenticator: SNOWFLAKE, ocsp mode: FAIL_OPEN, os: darwin, os version: 25.4.0"}
{"level":"INFO","message":"[3:52:17.646 PM]: Connection[id: 5c8ffed7-be2d-4e96-8fb2-de8660aed29e] additional details: passcode in password is provided, passcode is not provided, private key is not provided, application: undefined, client name: snowflake-sdk, client version: 2.4.0, retry timeout: 300, private key path: undefined, private key pass is not provided, client store temporary credential: false, browser response timeout: 120000"}
{"level":"INFO","message":"[3:52:17.646 PM]: Connection[id: 5c8ffed7-be2d-4e96-8fb2-de8660aed29e] - connection object created successfully."}
{"level":"INFO","message":"[3:52:17.646 PM]: Connection[id: 5c8ffed7-be2d-4e96-8fb2-de8660aed29e] - async connecting. Associated Snowflake domain: GLOBAL"}
{"level":"INFO","message":"[3:52:17.647 PM]: Connection[id: 5c8ffed7-be2d-4e96-8fb2-de8660aed29e] - authentication successful using: SNOWFLAKE"}
{"level":"ERROR","message":"[3:52:18.024 PM]: Connection[id: 5c8ffed7-be2d-4e96-8fb2-de8660aed29e] - connection failed after 377.37 milliseconds. Error: Request to Snowflake failed."}
{"level":"INFO","message":"[3:52:18.027 PM]: Creating new connection object"}
{"level":"INFO","message":"[3:52:18.028 PM]: Creating Connection[id: e3bafb63-fa7f-4109-9324-3a41fa5e7144] with host: abc.us-east-1.snowflakecomputing.com, account: abc, accessUrl: https://abc.us-east-1.snowflakecomputing.com, user: u, role: analyst, database: MY_DB, schema: PUBLIC, warehouse: compute_wh, proxy was not configured, password is provided, region: us-east-1, authenticator: SNOWFLAKE, ocsp mode: FAIL_OPEN, os: darwin, os version: 25.4.0"}
{"level":"INFO","message":"[3:52:18.028 PM]: Connection[id: e3bafb63-fa7f-4109-9324-3a41fa5e7144] additional details: passcode in password is provided, passcode is not provided, private key is not provided, application: undefined, client name: snowflake-sdk, client version: 2.4.0, retry timeout: 300, private key path: undefined, private key pass is not provided, client store temporary credential: false, browser response timeout: 120000"}
{"level":"INFO","message":"[3:52:18.028 PM]: Connection[id: e3bafb63-fa7f-4109-9324-3a41fa5e7144] - connection object created successfully."}
{"level":"INFO","message":"[3:52:18.028 PM]: Connection[id: e3bafb63-fa7f-4109-9324-3a41fa5e7144] - async connecting. Associated Snowflake domain: GLOBAL"}
{"level":"INFO","message":"[3:52:18.028 PM]: Connection[id: e3bafb63-fa7f-4109-9324-3a41fa5e7144] - authentication successful using: SNOWFLAKE"}
{"level":"ERROR","message":"[3:52:18.411 PM]: Connection[id: e3bafb63-fa7f-4109-9324-3a41fa5e7144] - connection failed after 382.66 milliseconds. Error: Request to Snowflake failed."}
{"level":"INFO","message":"[3:52:18.412 PM]: Creating new connection object"}
{"level":"INFO","message":"[3:52:18.414 PM]: Creating Connection[id: a11a0271-a558-40a9-bf48-bc16d0f8d6ce] with host: abc.us-east-1.snowflakecomputing.com, account: abc, accessUrl: https://abc.us-east-1.snowflakecomputing.com, user: u, role: analyst, database: MY_DB, schema: PUBLIC, warehouse: compute_wh, proxy was not configured, password is provided, region: us-east-1, authenticator: SNOWFLAKE, ocsp mode: FAIL_OPEN, os: darwin, os version: 25.4.0"}
{"level":"INFO","message":"[3:52:18.414 PM]: Connection[id: a11a0271-a558-40a9-bf48-bc16d0f8d6ce] additional details: passcode in password is provided, passcode is not provided, private key is not provided, application: undefined, client name: snowflake-sdk, client version: 2.4.0, retry timeout: 300, private key path: undefined, private key pass is not provided, client store temporary credential: false, browser response timeout: 120000"}
{"level":"INFO","message":"[3:52:18.414 PM]: Connection[id: a11a0271-a558-40a9-bf48-bc16d0f8d6ce] - connection object created successfully."}
{"level":"INFO","message":"[3:52:18.414 PM]: Connection[id: a11a0271-a558-40a9-bf48-bc16d0f8d6ce] - async connecting. Associated Snowflake domain: GLOBAL"}
{"level":"INFO","message":"[3:52:18.415 PM]: Connection[id: a11a0271-a558-40a9-bf48-bc16d0f8d6ce] - authentication successful using: SNOWFLAKE"}
{"level":"ERROR","message":"[3:52:18.804 PM]: Connection[id: a11a0271-a558-40a9-bf48-bc16d0f8d6ce] - connection failed after 389.16 milliseconds. Error: Request to Snowflake failed."}
{"level":"INFO","message":"[3:52:18.805 PM]: Creating new connection object"}
{"level":"INFO","message":"[3:52:18.806 PM]: Creating Connection[id: 260cfd7b-7ff6-4933-8fce-18c61b515488] with host: abc.us-east-1.snowflakecomputing.com, account: abc, accessUrl: https://abc.us-east-1.snowflakecomputing.com, user: u, role: analyst, database: LOWER_CASE_DB, schema: LOWER_CASE_SCHEMA, warehouse: compute_wh, proxy was not configured, password is provided, region: us-east-1, authenticator: SNOWFLAKE, ocsp mode: FAIL_OPEN, os: darwin, os version: 25.4.0"}
{"level":"INFO","message":"[3:52:18.806 PM]: Connection[id: 260cfd7b-7ff6-4933-8fce-18c61b515488] additional details: passcode in password is provided, passcode is not provided, private key is not provided, application: undefined, client name: snowflake-sdk, client version: 2.4.0, retry timeout: 300, private key path: undefined, private key pass is not provided, client store temporary credential: false, browser response timeout: 120000"}
{"level":"INFO","message":"[3:52:18.806 PM]: Connection[id: 260cfd7b-7ff6-4933-8fce-18c61b515488] - connection object created successfully."}
{"level":"INFO","message":"[3:52:18.806 PM]: Connection[id: 260cfd7b-7ff6-4933-8fce-18c61b515488] - async connecting. Associated Snowflake domain: GLOBAL"}
{"level":"INFO","message":"[3:52:18.807 PM]: Connection[id: 260cfd7b-7ff6-4933-8fce-18c61b515488] - authentication successful using: SNOWFLAKE"}
{"level":"ERROR","message":"[3:52:19.184 PM]: Connection[id: 260cfd7b-7ff6-4933-8fce-18c61b515488] - connection failed after 377.19 milliseconds. Error: Request to Snowflake failed."}
{"level":"INFO","message":"[3:52:19.185 PM]: Creating new connection object"}
{"level":"INFO","message":"[3:52:19.186 PM]: Creating Connection[id: a4f54998-da36-41f8-9260-77e7c2a6e8c5] with host: abc.us-east-1.snowflakecomputing.com, account: abc, accessUrl: https://abc.us-east-1.snowflakecomputing.com, user: u, role: analyst, database: MY_DB, schema: PUBLIC, warehouse: compute_wh, proxy was not configured, password is provided, region: us-east-1, authenticator: SNOWFLAKE, ocsp mode: FAIL_OPEN, os: darwin, os version: 25.4.0"}
{"level":"INFO","message":"[3:52:19.186 PM]: Connection[id: a4f54998-da36-41f8-9260-77e7c2a6e8c5] additional details: passcode in password is provided, passcode is not provided, private key is not provided, application: undefined, client name: snowflake-sdk, client version: 2.4.0, retry timeout: 300, private key path: undefined, private key pass is not provided, client store temporary credential: false, browser response timeout: 120000"}
{"level":"INFO","message":"[3:52:19.186 PM]: Connection[id: a4f54998-da36-41f8-9260-77e7c2a6e8c5] - connection object created successfully."}
{"level":"INFO","message":"[3:52:19.186 PM]: Connection[id: a4f54998-da36-41f8-9260-77e7c2a6e8c5] - async connecting. Associated Snowflake domain: GLOBAL"}
{"level":"INFO","message":"[3:52:19.187 PM]: Connection[id: a4f54998-da36-41f8-9260-77e7c2a6e8c5] - authentication successful using: SNOWFLAKE"}
{"level":"ERROR","message":"[3:52:19.584 PM]: Connection[id: a4f54998-da36-41f8-9260-77e7c2a6e8c5] - connection failed after 397.8 milliseconds. Error: Request to Snowflake failed."}
{"level":"INFO","message":"[10:02:44.639 AM]: Creating new connection object"}
{"level":"INFO","message":"[10:56:27.230 AM]: Creating new connection object"}
{"level":"INFO","message":"[10:56:27.242 AM]: Creating Connection[id: 468372b2-5a36-4789-b342-7d6eb3060531] with host: acct.us-east-1.snowflakecomputing.com, account: acct, accessUrl: https://acct.us-east-1.snowflakecomputing.com, user: u, role: undefined, database: DB, schema: PUBLIC, warehouse: undefined, proxy was not configured, password is provided, region: us-east-1, authenticator: SNOWFLAKE, ocsp mode: FAIL_OPEN, os: darwin, os version: 25.5.0"}
{"level":"INFO","message":"[10:56:27.243 AM]: Connection[id: 468372b2-5a36-4789-b342-7d6eb3060531] additional details: passcode in password is provided, passcode is not provided, private key is not provided, application: undefined, client name: snowflake-sdk, client version: 2.4.0, retry timeout: 300, private key path: undefined, private key pass is not provided, client store temporary credential: false, browser response timeout: 120000"}
{"level":"INFO","message":"[10:56:27.243 AM]: Connection[id: 468372b2-5a36-4789-b342-7d6eb3060531] - connection object created successfully."}
{"level":"INFO","message":"[10:56:27.243 AM]: Connection[id: 468372b2-5a36-4789-b342-7d6eb3060531] - async connecting. Associated Snowflake domain: GLOBAL"}
{"level":"INFO","message":"[10:56:27.244 AM]: Trying to initialize Easy Logging"}
{"level":"INFO","message":"[10:56:27.249 AM]: No client config detected."}
{"level":"INFO","message":"[10:56:27.250 AM]: No config file path found. Client config will not be used."}
{"level":"INFO","message":"[10:56:27.250 AM]: Easy Logging is disabled as no config has been found"}
{"level":"INFO","message":"[10:56:27.250 AM]: Connection[id: 468372b2-5a36-4789-b342-7d6eb3060531] - authentication successful using: SNOWFLAKE"}
{"level":"INFO","message":"[11:59:12.748 AM]: Creating new connection object"}
{"level":"INFO","message":"[11:59:12.758 AM]: Creating Connection[id: 8cb1ba46-60e5-49c7-848a-60c7e41141dc] with host: acct.us-east-1.snowflakecomputing.com, account: acct, accessUrl: https://acct.us-east-1.snowflakecomputing.com, user: u, role: undefined, database: DB, schema: PUBLIC, warehouse: undefined, proxy was not configured, password is provided, region: us-east-1, authenticator: SNOWFLAKE, ocsp mode: FAIL_OPEN, os: darwin, os version: 25.5.0"}
{"level":"INFO","message":"[11:59:12.759 AM]: Connection[id: 8cb1ba46-60e5-49c7-848a-60c7e41141dc] additional details: passcode in password is provided, passcode is not provided, private key is not provided, application: undefined, client name: snowflake-sdk, client version: 2.4.0, retry timeout: 300, private key path: undefined, private key pass is not provided, client store temporary credential: false, browser response timeout: 120000"}
{"level":"INFO","message":"[11:59:12.759 AM]: Connection[id: 8cb1ba46-60e5-49c7-848a-60c7e41141dc] - connection object created successfully."}
{"level":"INFO","message":"[11:59:12.759 AM]: Connection[id: 8cb1ba46-60e5-49c7-848a-60c7e41141dc] - async connecting. Associated Snowflake domain: GLOBAL"}
{"level":"INFO","message":"[11:59:12.760 AM]: Trying to initialize Easy Logging"}
{"level":"INFO","message":"[11:59:12.764 AM]: No client config detected."}
{"level":"INFO","message":"[11:59:12.765 AM]: No config file path found. Client config will not be used."}
{"level":"INFO","message":"[11:59:12.766 AM]: Easy Logging is disabled as no config has been found"}
{"level":"INFO","message":"[11:59:12.767 AM]: Connection[id: 8cb1ba46-60e5-49c7-848a-60c7e41141dc] - authentication successful using: SNOWFLAKE"}
{"level":"INFO","message":"[12:13:33.815 PM]: Creating new connection object"}
{"level":"INFO","message":"[1:25:31.153 PM]: Creating new connection object"}
{"level":"INFO","message":"[4:29:26.756 PM]: Creating new connection object"}
{"level":"INFO","message":"[4:29:26.765 PM]: Creating Connection[id: f955fefc-5785-4b8a-976e-96ca30800203] with host: acct.us-east-1.snowflakecomputing.com, account: acct, accessUrl: https://acct.us-east-1.snowflakecomputing.com, user: u, role: undefined, database: DB, schema: PUBLIC, warehouse: undefined, proxy was not configured, password is provided, region: us-east-1, authenticator: SNOWFLAKE, ocsp mode: FAIL_OPEN, os: darwin, os version: 25.5.0"}
{"level":"INFO","message":"[4:29:26.766 PM]: Connection[id: f955fefc-5785-4b8a-976e-96ca30800203] additional details: passcode in password is provided, passcode is not provided, private key is not provided, application: undefined, client name: snowflake-sdk, client version: 2.4.0, retry timeout: 300, private key path: undefined, private key pass is not provided, client store temporary credential: false, browser response timeout: 120000"}
{"level":"INFO","message":"[4:29:26.766 PM]: Connection[id: f955fefc-5785-4b8a-976e-96ca30800203] - connection object created successfully."}
{"level":"INFO","message":"[4:29:26.766 PM]: Connection[id: f955fefc-5785-4b8a-976e-96ca30800203] - async connecting. Associated Snowflake domain: GLOBAL"}
{"level":"INFO","message":"[4:29:26.767 PM]: Trying to initialize Easy Logging"}
{"level":"INFO","message":"[4:29:26.772 PM]: No client config detected."}
{"level":"INFO","message":"[4:29:26.773 PM]: No config file path found. Client config will not be used."}
{"level":"INFO","message":"[4:29:26.773 PM]: Easy Logging is disabled as no config has been found"}
{"level":"INFO","message":"[4:29:26.773 PM]: Connection[id: f955fefc-5785-4b8a-976e-96ca30800203] - authentication successful using: SNOWFLAKE"}
{"level":"INFO","message":"[5:44:08.422 PM]: Creating new connection object"}
{"level":"INFO","message":"[6:08:09.985 PM]: Creating new connection object"}
{"level":"INFO","message":"[11:41:43.510 PM]: Creating new connection object"}
{"level":"INFO","message":"[11:41:43.525 PM]: Creating Connection[id: a76eb982-ad6b-42f5-b265-f66be9786080] with host: acct.us-east-1.snowflakecomputing.com, account: acct, accessUrl: https://acct.us-east-1.snowflakecomputing.com, user: u, role: undefined, database: DB, schema: PUBLIC, warehouse: undefined, proxy was not configured, password is provided, region: us-east-1, authenticator: SNOWFLAKE, ocsp mode: FAIL_OPEN, os: darwin, os version: 25.5.0"}
{"level":"INFO","message":"[11:41:43.525 PM]: Connection[id: a76eb982-ad6b-42f5-b265-f66be9786080] additional details: passcode in password is provided, passcode is not provided, private key is not provided, application: undefined, client name: snowflake-sdk, client version: 2.4.0, retry timeout: 300, private key path: undefined, private key pass is not provided, client store temporary credential: false, browser response timeout: 120000"}
{"level":"INFO","message":"[11:41:43.526 PM]: Connection[id: a76eb982-ad6b-42f5-b265-f66be9786080] - connection object created successfully."}
{"level":"INFO","message":"[11:41:43.526 PM]: Connection[id: a76eb982-ad6b-42f5-b265-f66be9786080] - async connecting. Associated Snowflake domain: GLOBAL"}
{"level":"INFO","message":"[11:41:43.527 PM]: Trying to initialize Easy Logging"}
{"level":"INFO","message":"[11:41:43.534 PM]: No client config detected."}
{"level":"INFO","message":"[11:41:43.534 PM]: No config file path found. Client config will not be used."}
{"level":"INFO","message":"[11:41:43.535 PM]: Easy Logging is disabled as no config has been found"}
{"level":"INFO","message":"[11:41:43.536 PM]: Connection[id: a76eb982-ad6b-42f5-b265-f66be9786080] - authentication successful using: SNOWFLAKE"}
{"level":"INFO","message":"[12:13:41.115 AM]: Creating new connection object"}
{"level":"INFO","message":"[12:13:41.131 AM]: Creating Connection[id: 1869fe8e-4132-4027-b4ca-f784818fb2cd] with host: acct.us-east-1.snowflakecomputing.com, account: acct, accessUrl: https://acct.us-east-1.snowflakecomputing.com, user: u, role: undefined, database: DB, schema: PUBLIC, warehouse: undefined, proxy was not configured, password is provided, region: us-east-1, authenticator: SNOWFLAKE, ocsp mode: FAIL_OPEN, os: darwin, os version: 25.5.0"}
{"level":"INFO","message":"[12:13:41.132 AM]: Connection[id: 1869fe8e-4132-4027-b4ca-f784818fb2cd] additional details: passcode in password is provided, passcode is not provided, private key is not provided, application: undefined, client name: snowflake-sdk, client version: 2.4.0, retry timeout: 300, private key path: undefined, private key pass is not provided, client store temporary credential: false, browser response timeout: 120000"}
{"level":"INFO","message":"[12:13:41.132 AM]: Connection[id: 1869fe8e-4132-4027-b4ca-f784818fb2cd] - connection object created successfully."}
{"level":"INFO","message":"[12:13:41.133 AM]: Connection[id: 1869fe8e-4132-4027-b4ca-f784818fb2cd] - async connecting. Associated Snowflake domain: GLOBAL"}
{"level":"INFO","message":"[12:13:41.134 AM]: Trying to initialize Easy Logging"}
{"level":"INFO","message":"[12:13:41.140 AM]: No client config detected."}
{"level":"INFO","message":"[12:13:41.141 AM]: No config file path found. Client config will not be used."}
{"level":"INFO","message":"[12:13:41.142 AM]: Easy Logging is disabled as no config has been found"}
{"level":"INFO","message":"[12:13:41.143 AM]: Connection[id: 1869fe8e-4132-4027-b4ca-f784818fb2cd] - authentication successful using: SNOWFLAKE"}
{"level":"INFO","message":"[12:14:02.949 AM]: Creating new connection object"}
{"level":"INFO","message":"[12:14:50.274 AM]: Creating new connection object"}
{"level":"INFO","message":"[12:55:45.911 AM]: Creating new connection object"}
{"level":"INFO","message":"[12:55:45.920 AM]: Creating Connection[id: b27edccf-81a4-4f65-baf0-6364662256bf] with host: acct.us-east-1.snowflakecomputing.com, account: acct, accessUrl: https://acct.us-east-1.snowflakecomputing.com, user: u, role: undefined, database: DB, schema: PUBLIC, warehouse: undefined, proxy was not configured, password is provided, region: us-east-1, authenticator: SNOWFLAKE, ocsp mode: FAIL_OPEN, os: darwin, os version: 25.5.0"}
{"level":"INFO","message":"[12:55:45.920 AM]: Connection[id: b27edccf-81a4-4f65-baf0-6364662256bf] additional details: passcode in password is provided, passcode is not provided, private key is not provided, application: undefined, client name: snowflake-sdk, client version: 2.4.0, retry timeout: 300, private key path: undefined, private key pass is not provided, client store temporary credential: false, browser response timeout: 120000"}
{"level":"INFO","message":"[12:55:45.920 AM]: Connection[id: b27edccf-81a4-4f65-baf0-6364662256bf] - connection object created successfully."}
{"level":"INFO","message":"[12:55:45.921 AM]: Connection[id: b27edccf-81a4-4f65-baf0-6364662256bf] - async connecting. Associated Snowflake domain: GLOBAL"}
{"level":"INFO","message":"[12:55:45.921 AM]: Trying to initialize Easy Logging"}
{"level":"INFO","message":"[12:55:45.924 AM]: No client config detected."}
{"level":"INFO","message":"[12:55:45.924 AM]: No config file path found. Client config will not be used."}
{"level":"INFO","message":"[12:55:45.924 AM]: Easy Logging is disabled as no config has been found"}
{"level":"INFO","message":"[12:55:45.924 AM]: Connection[id: b27edccf-81a4-4f65-baf0-6364662256bf] - authentication successful using: SNOWFLAKE"}
{"level":"INFO","message":"[12:58:58.691 AM]: Creating new connection object"}
{"level":"INFO","message":"[12:58:58.699 AM]: Creating Connection[id: cc58655f-e731-488f-9014-dc88873419f9] with host: acct.us-east-1.snowflakecomputing.com, account: acct, accessUrl: https://acct.us-east-1.snowflakecomputing.com, user: u, role: undefined, database: DB, schema: PUBLIC, warehouse: undefined, proxy was not configured, password is provided, region: us-east-1, authenticator: SNOWFLAKE, ocsp mode: FAIL_OPEN, os: darwin, os version: 25.5.0"}
{"level":"INFO","message":"[12:58:58.699 AM]: Connection[id: cc58655f-e731-488f-9014-dc88873419f9] additional details: passcode in password is provided, passcode is not provided, private key is not provided, application: undefined, client name: snowflake-sdk, client version: 2.4.0, retry timeout: 300, private key path: undefined, private key pass is not provided, client store temporary credential: false, browser response timeout: 120000"}
{"level":"INFO","message":"[12:58:58.699 AM]: Connection[id: cc58655f-e731-488f-9014-dc88873419f9] - connection object created successfully."}
{"level":"INFO","message":"[12:58:58.700 AM]: Connection[id: cc58655f-e731-488f-9014-dc88873419f9] - async connecting. Associated Snowflake domain: GLOBAL"}
{"level":"INFO","message":"[12:58:58.700 AM]: Trying to initialize Easy Logging"}
{"level":"INFO","message":"[12:58:58.703 AM]: No client config detected."}
{"level":"INFO","message":"[12:58:58.703 AM]: No config file path found. Client config will not be used."}
{"level":"INFO","message":"[12:58:58.704 AM]: Easy Logging is disabled as no config has been found"}
{"level":"INFO","message":"[12:58:58.704 AM]: Connection[id: cc58655f-e731-488f-9014-dc88873419f9] - authentication successful using: SNOWFLAKE"}
{"level":"INFO","message":"[1:11:07.518 AM]: Creating new connection object"}
{"level":"INFO","message":"[1:11:07.524 AM]: Creating Connection[id: d4208f4d-e6e3-4fd3-b648-55d0ea1998af] with host: acct.us-east-1.snowflakecomputing.com, account: acct, accessUrl: https://acct.us-east-1.snowflakecomputing.com, user: u, role: undefined, database: DB, schema: PUBLIC, warehouse: undefined, proxy was not configured, password is provided, region: us-east-1, authenticator: SNOWFLAKE, ocsp mode: FAIL_OPEN, os: darwin, os version: 25.5.0"}
{"level":"INFO","message":"[1:11:07.525 AM]: Connection[id: d4208f4d-e6e3-4fd3-b648-55d0ea1998af] additional details: passcode in password is provided, passcode is not provided, private key is not provided, application: undefined, client name: snowflake-sdk, client version: 2.4.0, retry timeout: 300, private key path: undefined, private key pass is not provided, client store temporary credential: false, browser response timeout: 120000"}
{"level":"INFO","message":"[1:11:07.525 AM]: Connection[id: d4208f4d-e6e3-4fd3-b648-55d0ea1998af] - connection object created successfully."}
{"level":"INFO","message":"[1:11:07.525 AM]: Connection[id: d4208f4d-e6e3-4fd3-b648-55d0ea1998af] - async connecting. Associated Snowflake domain: GLOBAL"}
{"level":"INFO","message":"[1:11:07.525 AM]: Trying to initialize Easy Logging"}
{"level":"INFO","message":"[1:11:07.528 AM]: No client config detected."}
{"level":"INFO","message":"[1:11:07.528 AM]: No config file path found. Client config will not be used."}
{"level":"INFO","message":"[1:11:07.528 AM]: Easy Logging is disabled as no config has been found"}
{"level":"INFO","message":"[1:11:07.528 AM]: Connection[id: d4208f4d-e6e3-4fd3-b648-55d0ea1998af] - authentication successful using: SNOWFLAKE"}
{"level":"INFO","message":"[1:11:16.340 AM]: Creating new connection object"}
{"level":"INFO","message":"[1:11:16.350 AM]: Creating Connection[id: a0c3822a-27d7-4711-8845-c832656b094f] with host: acct.us-east-1.snowflakecomputing.com, account: acct, accessUrl: https://acct.us-east-1.snowflakecomputing.com, user: u, role: undefined, database: DB, schema: PUBLIC, warehouse: undefined, proxy was not configured, password is provided, region: us-east-1, authenticator: SNOWFLAKE, ocsp mode: FAIL_OPEN, os: darwin, os version: 25.5.0"}
{"level":"INFO","message":"[1:11:16.351 AM]: Connection[id: a0c3822a-27d7-4711-8845-c832656b094f] additional details: passcode in password is provided, passcode is not provided, private key is not provided, application: undefined, client name: snowflake-sdk, client version: 2.4.0, retry timeout: 300, private key path: undefined, private key pass is not provided, client store temporary credential: false, browser response timeout: 120000"}
{"level":"INFO","message":"[1:11:16.351 AM]: Connection[id: a0c3822a-27d7-4711-8845-c832656b094f] - connection object created successfully."}
{"level":"INFO","message":"[1:11:16.352 AM]: Connection[id: a0c3822a-27d7-4711-8845-c832656b094f] - async connecting. Associated Snowflake domain: GLOBAL"}
{"level":"INFO","message":"[1:11:16.352 AM]: Trying to initialize Easy Logging"}
{"level":"INFO","message":"[1:11:16.358 AM]: No client config detected."}
{"level":"INFO","message":"[1:11:16.358 AM]: No config file path found. Client config will not be used."}
{"level":"INFO","message":"[1:11:16.358 AM]: Easy Logging is disabled as no config has been found"}
{"level":"INFO","message":"[1:11:16.359 AM]: Connection[id: a0c3822a-27d7-4711-8845-c832656b094f] - authentication successful using: SNOWFLAKE"}
{"level":"INFO","message":"[1:11:35.770 AM]: Creating new connection object"}
{"level":"INFO","message":"[1:15:49.743 AM]: Creating new connection object"}
